ecx_init on veth_m succeeded.
L1:SLAVECOUNT=8
L1:SLAVE=1 ADDR=0x1001 MAN=0x00000499 ID=0x00000001 REV=0x00000001
L1:SLAVE=2 ADDR=0x1002 MAN=0x00000499 ID=0x00000001 REV=0x00000001
L1:SLAVE=3 ADDR=0x1003 MAN=0x00000499 ID=0x00000001 REV=0x00000001
L1:SLAVE=4 ADDR=0x1004 MAN=0x00000499 ID=0x00000001 REV=0x00000001
L1:SLAVE=5 ADDR=0x1005 MAN=0x00000499 ID=0x00000001 REV=0x00000001
L1:SLAVE=6 ADDR=0x1006 MAN=0x00000499 ID=0x00000001 REV=0x00000001
L1:SLAVE=7 ADDR=0x1007 MAN=0x00000499 ID=0x00000001 REV=0x00000001
L1:SLAVE=8 ADDR=0x1008 MAN=0x00000499 ID=0x00000001 REV=0x00000001
L1:IOMAP=1 OUT_OFF=0 OUT_BITS=32 IN_OFF=32 IN_BITS=32
L1:IOMAP=2 OUT_OFF=4 OUT_BITS=32 IN_OFF=36 IN_BITS=32
L1:IOMAP=3 OUT_OFF=8 OUT_BITS=32 IN_OFF=40 IN_BITS=32
L1:IOMAP=4 OUT_OFF=12 OUT_BITS=32 IN_OFF=44 IN_BITS=32
L1:IOMAP=5 OUT_OFF=16 OUT_BITS=32 IN_OFF=48 IN_BITS=32
L1:IOMAP=6 OUT_OFF=20 OUT_BITS=32 IN_OFF=52 IN_BITS=32
L1:IOMAP=7 OUT_OFF=24 OUT_BITS=32 IN_OFF=56 IN_BITS=32
L1:IOMAP=8 OUT_OFF=28 OUT_BITS=32 IN_OFF=60 IN_BITS=32
L1:FMMU=1 IDX=0 LOGSTART=0x00000000 LOGLEN=4 PHYS=0x0000 TYPE=2 ACT=1
L1:FMMU=1 IDX=1 LOGSTART=0x00000020 LOGLEN=4 PHYS=0x0000 TYPE=1 ACT=1
L1:FMMU=1 IDX=2 LOGSTART=0x00000040 LOGLEN=1 PHYS=0x080d TYPE=1 ACT=1
L1:FMMU=2 IDX=0 LOGSTART=0x00000004 LOGLEN=4 PHYS=0x0000 TYPE=2 ACT=1
L1:FMMU=2 IDX=1 LOGSTART=0x00000024 LOGLEN=4 PHYS=0x0000 TYPE=1 ACT=1
L1:FMMU=2 IDX=2 LOGSTART=0x00000041 LOGLEN=1 PHYS=0x080d TYPE=1 ACT=1
L1:FMMU=3 IDX=0 LOGSTART=0x00000008 LOGLEN=4 PHYS=0x0000 TYPE=2 ACT=1
L1:FMMU=3 IDX=1 LOGSTART=0x00000028 LOGLEN=4 PHYS=0x0000 TYPE=1 ACT=1
L1:FMMU=3 IDX=2 LOGSTART=0x00000042 LOGLEN=1 PHYS=0x080d TYPE=1 ACT=1
L1:FMMU=4 IDX=0 LOGSTART=0x0000000c LOGLEN=4 PHYS=0x0000 TYPE=2 ACT=1
L1:FMMU=4 IDX=1 LOGSTART=0x0000002c LOGLEN=4 PHYS=0x0000 TYPE=1 ACT=1
L1:FMMU=4 IDX=2 LOGSTART=0x00000043 LOGLEN=1 PHYS=0x080d TYPE=1 ACT=1
L1:FMMU=5 IDX=0 LOGSTART=0x00000010 LOGLEN=4 PHYS=0x0000 TYPE=2 ACT=1
L1:FMMU=5 IDX=1 LOGSTART=0x00000030 LOGLEN=4 PHYS=0x0000 TYPE=1 ACT=1
L1:FMMU=5 IDX=2 LOGSTART=0x00000044 LOGLEN=1 PHYS=0x080d TYPE=1 ACT=1
L1:FMMU=6 IDX=0 LOGSTART=0x00000014 LOGLEN=4 PHYS=0x0000 TYPE=2 ACT=1
L1:FMMU=6 IDX=1 LOGSTART=0x00000034 LOGLEN=4 PHYS=0x0000 TYPE=1 ACT=1
L1:FMMU=6 IDX=2 LOGSTART=0x00000045 LOGLEN=1 PHYS=0x080d TYPE=1 ACT=1
L1:FMMU=7 IDX=0 LOGSTART=0x00000018 LOGLEN=4 PHYS=0x0000 TYPE=2 ACT=1
L1:FMMU=7 IDX=1 LOGSTART=0x00000038 LOGLEN=4 PHYS=0x0000 TYPE=1 ACT=1
L1:FMMU=7 IDX=2 LOGSTART=0x00000046 LOGLEN=1 PHYS=0x080d TYPE=1 ACT=1
L1:FMMU=8 IDX=0 LOGSTART=0x0000001c LOGLEN=4 PHYS=0x0000 TYPE=2 ACT=1
L1:FMMU=8 IDX=1 LOGSTART=0x0000003c LOGLEN=4 PHYS=0x0000 TYPE=1 ACT=1
L1:FMMU=8 IDX=2 LOGSTART=0x00000047 LOGLEN=1 PHYS=0x080d TYPE=1 ACT=1
L1:GROUP OBYTES=32 IBYTES=32 NSEGMENTS=1
L1:SEGMENT=0 BYTES=72
L1:EXPECTED_WKC=24
L1:PROCESSDATA_WKC=0
L1:STATE=0x01

--- Human-readable summary ---
Slaves: 8, IOmap: 32 byte out + 32 byte in, segments: 1
