ecx_init on veth_m succeeded.
L1:SLAVECOUNT=32
L1:SLAVE=1 ADDR=0x1001 MAN=0x00000499 ID=0x00000001 REV=0x00000001
L1:SLAVE=2 ADDR=0x1002 MAN=0x00000499 ID=0x00000001 REV=0x00000001
L1:SLAVE=3 ADDR=0x1003 MAN=0x00000499 ID=0x00000001 REV=0x00000001
L1:SLAVE=4 ADDR=0x1004 MAN=0x00000499 ID=0x00000001 REV=0x00000001
L1:SLAVE=5 ADDR=0x1005 MAN=0x00000499 ID=0x00000001 REV=0x00000001
L1:SLAVE=6 ADDR=0x1006 MAN=0x00000499 ID=0x00000001 REV=0x00000001
L1:SLAVE=7 ADDR=0x1007 MAN=0x00000499 ID=0x00000001 REV=0x00000001
L1:SLAVE=8 ADDR=0x1008 MAN=0x00000499 ID=0x00000001 REV=0x00000001
L1:SLAVE=9 ADDR=0x1009 MAN=0x00000499 ID=0x00000001 REV=0x00000001
L1:SLAVE=10 ADDR=0x100a MAN=0x00000499 ID=0x00000001 REV=0x00000001
L1:SLAVE=11 ADDR=0x100b MAN=0x00000499 ID=0x00000001 REV=0x00000001
L1:SLAVE=12 ADDR=0x100c MAN=0x00000499 ID=0x00000001 REV=0x00000001
L1:SLAVE=13 ADDR=0x100d MAN=0x00000499 ID=0x00000001 REV=0x00000001
L1:SLAVE=14 ADDR=0x100e MAN=0x00000499 ID=0x00000001 REV=0x00000001
L1:SLAVE=15 ADDR=0x100f MAN=0x00000499 ID=0x00000001 REV=0x00000001
L1:SLAVE=16 ADDR=0x1010 MAN=0x00000499 ID=0x00000001 REV=0x00000001
L1:SLAVE=17 ADDR=0x1011 MAN=0x00000499 ID=0x00000001 REV=0x00000001
L1:SLAVE=18 ADDR=0x1012 MAN=0x00000499 ID=0x00000001 REV=0x00000001
L1:SLAVE=19 ADDR=0x1013 MAN=0x00000499 ID=0x00000001 REV=0x00000001
L1:SLAVE=20 ADDR=0x1014 MAN=0x00000499 ID=0x00000001 REV=0x00000001
L1:SLAVE=21 ADDR=0x1015 MAN=0x00000499 ID=0x00000001 REV=0x00000001
L1:SLAVE=22 ADDR=0x1016 MAN=0x00000499 ID=0x00000001 REV=0x00000001
L1:SLAVE=23 ADDR=0x1017 MAN=0x00000499 ID=0x00000001 REV=0x00000001
L1:SLAVE=24 ADDR=0x1018 MAN=0x00000499 ID=0x00000001 REV=0x00000001
L1:SLAVE=25 ADDR=0x1019 MAN=0x00000499 ID=0x00000001 REV=0x00000001
L1:SLAVE=26 ADDR=0x101a MAN=0x00000499 ID=0x00000001 REV=0x00000001
L1:SLAVE=27 ADDR=0x101b MAN=0x00000499 ID=0x00000001 REV=0x00000001
L1:SLAVE=28 ADDR=0x101c MAN=0x00000499 ID=0x00000001 REV=0x00000001
L1:SLAVE=29 ADDR=0x101d MAN=0x00000499 ID=0x00000001 REV=0x00000001
L1:SLAVE=30 ADDR=0x101e MAN=0x00000499 ID=0x00000001 REV=0x00000001
L1:SLAVE=31 ADDR=0x101f MAN=0x00000499 ID=0x00000001 REV=0x00000001
L1:SLAVE=32 ADDR=0x1020 MAN=0x00000499 ID=0x00000001 REV=0x00000001
L1:IOMAP=1 OUT_OFF=0 OUT_BITS=512 IN_OFF=2048 IN_BITS=512
L1:IOMAP=2 OUT_OFF=64 OUT_BITS=512 IN_OFF=2112 IN_BITS=512
L1:IOMAP=3 OUT_OFF=128 OUT_BITS=512 IN_OFF=2176 IN_BITS=512
L1:IOMAP=4 OUT_OFF=192 OUT_BITS=512 IN_OFF=2240 IN_BITS=512
L1:IOMAP=5 OUT_OFF=256 OUT_BITS=512 IN_OFF=2304 IN_BITS=512
L1:IOMAP=6 OUT_OFF=320 OUT_BITS=512 IN_OFF=2368 IN_BITS=512
L1:IOMAP=7 OUT_OFF=384 OUT_BITS=512 IN_OFF=2432 IN_BITS=512
L1:IOMAP=8 OUT_OFF=448 OUT_BITS=512 IN_OFF=2496 IN_BITS=512
L1:IOMAP=9 OUT_OFF=512 OUT_BITS=512 IN_OFF=2560 IN_BITS=512
L1:IOMAP=10 OUT_OFF=576 OUT_BITS=512 IN_OFF=2624 IN_BITS=512
L1:IOMAP=11 OUT_OFF=640 OUT_BITS=512 IN_OFF=2688 IN_BITS=512
L1:IOMAP=12 OUT_OFF=704 OUT_BITS=512 IN_OFF=2752 IN_BITS=512
L1:IOMAP=13 OUT_OFF=768 OUT_BITS=512 IN_OFF=2816 IN_BITS=512
L1:IOMAP=14 OUT_OFF=832 OUT_BITS=512 IN_OFF=2880 IN_BITS=512
L1:IOMAP=15 OUT_OFF=896 OUT_BITS=512 IN_OFF=2944 IN_BITS=512
L1:IOMAP=16 OUT_OFF=960 OUT_BITS=512 IN_OFF=3008 IN_BITS=512
L1:IOMAP=17 OUT_OFF=1024 OUT_BITS=512 IN_OFF=3072 IN_BITS=512
L1:IOMAP=18 OUT_OFF=1088 OUT_BITS=512 IN_OFF=3136 IN_BITS=512
L1:IOMAP=19 OUT_OFF=1152 OUT_BITS=512 IN_OFF=3200 IN_BITS=512
L1:IOMAP=20 OUT_OFF=1216 OUT_BITS=512 IN_OFF=3264 IN_BITS=512
L1:IOMAP=21 OUT_OFF=1280 OUT_BITS=512 IN_OFF=3328 IN_BITS=512
L1:IOMAP=22 OUT_OFF=1344 OUT_BITS=512 IN_OFF=3392 IN_BITS=512
L1:IOMAP=23 OUT_OFF=1408 OUT_BITS=512 IN_OFF=3456 IN_BITS=512
L1:IOMAP=24 OUT_OFF=1472 OUT_BITS=512 IN_OFF=3520 IN_BITS=512
L1:IOMAP=25 OUT_OFF=1536 OUT_BITS=512 IN_OFF=3584 IN_BITS=512
L1:IOMAP=26 OUT_OFF=1600 OUT_BITS=512 IN_OFF=3648 IN_BITS=512
L1:IOMAP=27 OUT_OFF=1664 OUT_BITS=512 IN_OFF=3712 IN_BITS=512
L1:IOMAP=28 OUT_OFF=1728 OUT_BITS=512 IN_OFF=3776 IN_BITS=512
L1:IOMAP=29 OUT_OFF=1792 OUT_BITS=512 IN_OFF=3840 IN_BITS=512
L1:IOMAP=30 OUT_OFF=1856 OUT_BITS=512 IN_OFF=3904 IN_BITS=512
L1:IOMAP=31 OUT_OFF=1920 OUT_BITS=512 IN_OFF=3968 IN_BITS=512
L1:IOMAP=32 OUT_OFF=1984 OUT_BITS=512 IN_OFF=4032 IN_BITS=512
L1:FMMU=1 IDX=0 LOGSTART=0x00000000 LOGLEN=64 PHYS=0x0000 TYPE=2 ACT=1
L1:FMMU=1 IDX=1 LOGSTART=0x00000800 LOGLEN=64 PHYS=0x0000 TYPE=1 ACT=1
L1:FMMU=1 IDX=2 LOGSTART=0x00001000 LOGLEN=1 PHYS=0x080d TYPE=1 ACT=1
L1:FMMU=2 IDX=0 LOGSTART=0x00000040 LOGLEN=64 PHYS=0x0000 TYPE=2 ACT=1
L1:FMMU=2 IDX=1 LOGSTART=0x00000840 LOGLEN=64 PHYS=0x0000 TYPE=1 ACT=1
L1:FMMU=2 IDX=2 LOGSTART=0x00001001 LOGLEN=1 PHYS=0x080d TYPE=1 ACT=1
L1:FMMU=3 IDX=0 LOGSTART=0x00000080 LOGLEN=64 PHYS=0x0000 TYPE=2 ACT=1
L1:FMMU=3 IDX=1 LOGSTART=0x00000880 LOGLEN=64 PHYS=0x0000 TYPE=1 ACT=1
L1:FMMU=3 IDX=2 LOGSTART=0x00001002 LOGLEN=1 PHYS=0x080d TYPE=1 ACT=1
L1:FMMU=4 IDX=0 LOGSTART=0x000000c0 LOGLEN=64 PHYS=0x0000 TYPE=2 ACT=1
L1:FMMU=4 IDX=1 LOGSTART=0x000008c0 LOGLEN=64 PHYS=0x0000 TYPE=1 ACT=1
L1:FMMU=4 IDX=2 LOGSTART=0x00001003 LOGLEN=1 PHYS=0x080d TYPE=1 ACT=1
L1:FMMU=5 IDX=0 LOGSTART=0x00000100 LOGLEN=64 PHYS=0x0000 TYPE=2 ACT=1
L1:FMMU=5 IDX=1 LOGSTART=0x00000900 LOGLEN=64 PHYS=0x0000 TYPE=1 ACT=1
L1:FMMU=5 IDX=2 LOGSTART=0x00001004 LOGLEN=1 PHYS=0x080d TYPE=1 ACT=1
L1:FMMU=6 IDX=0 LOGSTART=0x00000140 LOGLEN=64 PHYS=0x0000 TYPE=2 ACT=1
L1:FMMU=6 IDX=1 LOGSTART=0x00000940 LOGLEN=64 PHYS=0x0000 TYPE=1 ACT=1
L1:FMMU=6 IDX=2 LOGSTART=0x00001005 LOGLEN=1 PHYS=0x080d TYPE=1 ACT=1
L1:FMMU=7 IDX=0 LOGSTART=0x00000180 LOGLEN=64 PHYS=0x0000 TYPE=2 ACT=1
L1:FMMU=7 IDX=1 LOGSTART=0x00000980 LOGLEN=64 PHYS=0x0000 TYPE=1 ACT=1
L1:FMMU=7 IDX=2 LOGSTART=0x00001006 LOGLEN=1 PHYS=0x080d TYPE=1 ACT=1
L1:FMMU=8 IDX=0 LOGSTART=0x000001c0 LOGLEN=64 PHYS=0x0000 TYPE=2 ACT=1
L1:FMMU=8 IDX=1 LOGSTART=0x000009c0 LOGLEN=64 PHYS=0x0000 TYPE=1 ACT=1
L1:FMMU=8 IDX=2 LOGSTART=0x00001007 LOGLEN=1 PHYS=0x080d TYPE=1 ACT=1
L1:FMMU=9 IDX=0 LOGSTART=0x00000200 LOGLEN=64 PHYS=0x0000 TYPE=2 ACT=1
L1:FMMU=9 IDX=1 LOGSTART=0x00000a00 LOGLEN=64 PHYS=0x0000 TYPE=1 ACT=1
L1:FMMU=9 IDX=2 LOGSTART=0x00001008 LOGLEN=1 PHYS=0x080d TYPE=1 ACT=1
L1:FMMU=10 IDX=0 LOGSTART=0x00000240 LOGLEN=64 PHYS=0x0000 TYPE=2 ACT=1
L1:FMMU=10 IDX=1 LOGSTART=0x00000a40 LOGLEN=64 PHYS=0x0000 TYPE=1 ACT=1
L1:FMMU=10 IDX=2 LOGSTART=0x00001009 LOGLEN=1 PHYS=0x080d TYPE=1 ACT=1
L1:FMMU=11 IDX=0 LOGSTART=0x00000280 LOGLEN=64 PHYS=0x0000 TYPE=2 ACT=1
L1:FMMU=11 IDX=1 LOGSTART=0x00000a80 LOGLEN=64 PHYS=0x0000 TYPE=1 ACT=1
L1:FMMU=11 IDX=2 LOGSTART=0x0000100a LOGLEN=1 PHYS=0x080d TYPE=1 ACT=1
L1:FMMU=12 IDX=0 LOGSTART=0x000002c0 LOGLEN=64 PHYS=0x0000 TYPE=2 ACT=1
L1:FMMU=12 IDX=1 LOGSTART=0x00000ac0 LOGLEN=64 PHYS=0x0000 TYPE=1 ACT=1
L1:FMMU=12 IDX=2 LOGSTART=0x0000100b LOGLEN=1 PHYS=0x080d TYPE=1 ACT=1
L1:FMMU=13 IDX=0 LOGSTART=0x00000300 LOGLEN=64 PHYS=0x0000 TYPE=2 ACT=1
L1:FMMU=13 IDX=1 LOGSTART=0x00000b00 LOGLEN=64 PHYS=0x0000 TYPE=1 ACT=1
L1:FMMU=13 IDX=2 LOGSTART=0x0000100c LOGLEN=1 PHYS=0x080d TYPE=1 ACT=1
L1:FMMU=14 IDX=0 LOGSTART=0x00000340 LOGLEN=64 PHYS=0x0000 TYPE=2 ACT=1
L1:FMMU=14 IDX=1 LOGSTART=0x00000b40 LOGLEN=64 PHYS=0x0000 TYPE=1 ACT=1
L1:FMMU=14 IDX=2 LOGSTART=0x0000100d LOGLEN=1 PHYS=0x080d TYPE=1 ACT=1
L1:FMMU=15 IDX=0 LOGSTART=0x00000380 LOGLEN=64 PHYS=0x0000 TYPE=2 ACT=1
L1:FMMU=15 IDX=1 LOGSTART=0x00000b80 LOGLEN=64 PHYS=0x0000 TYPE=1 ACT=1
L1:FMMU=15 IDX=2 LOGSTART=0x0000100e LOGLEN=1 PHYS=0x080d TYPE=1 ACT=1
L1:FMMU=16 IDX=0 LOGSTART=0x000003c0 LOGLEN=64 PHYS=0x0000 TYPE=2 ACT=1
L1:FMMU=16 IDX=1 LOGSTART=0x00000bc0 LOGLEN=64 PHYS=0x0000 TYPE=1 ACT=1
L1:FMMU=16 IDX=2 LOGSTART=0x0000100f LOGLEN=1 PHYS=0x080d TYPE=1 ACT=1
L1:FMMU=17 IDX=0 LOGSTART=0x00000400 LOGLEN=64 PHYS=0x0000 TYPE=2 ACT=1
L1:FMMU=17 IDX=1 LOGSTART=0x00000c00 LOGLEN=64 PHYS=0x0000 TYPE=1 ACT=1
L1:FMMU=17 IDX=2 LOGSTART=0x00001010 LOGLEN=1 PHYS=0x080d TYPE=1 ACT=1
L1:FMMU=18 IDX=0 LOGSTART=0x00000440 LOGLEN=64 PHYS=0x0000 TYPE=2 ACT=1
L1:FMMU=18 IDX=1 LOGSTART=0x00000c40 LOGLEN=64 PHYS=0x0000 TYPE=1 ACT=1
L1:FMMU=18 IDX=2 LOGSTART=0x00001011 LOGLEN=1 PHYS=0x080d TYPE=1 ACT=1
L1:FMMU=19 IDX=0 LOGSTART=0x00000480 LOGLEN=64 PHYS=0x0000 TYPE=2 ACT=1
L1:FMMU=19 IDX=1 LOGSTART=0x00000c80 LOGLEN=64 PHYS=0x0000 TYPE=1 ACT=1
L1:FMMU=19 IDX=2 LOGSTART=0x00001012 LOGLEN=1 PHYS=0x080d TYPE=1 ACT=1
L1:FMMU=20 IDX=0 LOGSTART=0x000004c0 LOGLEN=64 PHYS=0x0000 TYPE=2 ACT=1
L1:FMMU=20 IDX=1 LOGSTART=0x00000cc0 LOGLEN=64 PHYS=0x0000 TYPE=1 ACT=1
L1:FMMU=20 IDX=2 LOGSTART=0x00001013 LOGLEN=1 PHYS=0x080d TYPE=1 ACT=1
L1:FMMU=21 IDX=0 LOGSTART=0x00000500 LOGLEN=64 PHYS=0x0000 TYPE=2 ACT=1
L1:FMMU=21 IDX=1 LOGSTART=0x00000d00 LOGLEN=64 PHYS=0x0000 TYPE=1 ACT=1
L1:FMMU=21 IDX=2 LOGSTART=0x00001014 LOGLEN=1 PHYS=0x080d TYPE=1 ACT=1
L1:FMMU=22 IDX=0 LOGSTART=0x00000540 LOGLEN=64 PHYS=0x0000 TYPE=2 ACT=1
L1:FMMU=22 IDX=1 LOGSTART=0x00000d40 LOGLEN=64 PHYS=0x0000 TYPE=1 ACT=1
L1:FMMU=22 IDX=2 LOGSTART=0x00001015 LOGLEN=1 PHYS=0x080d TYPE=1 ACT=1
L1:FMMU=23 IDX=0 LOGSTART=0x00000580 LOGLEN=64 PHYS=0x0000 TYPE=2 ACT=1
L1:FMMU=23 IDX=1 LOGSTART=0x00000d80 LOGLEN=64 PHYS=0x0000 TYPE=1 ACT=1
L1:FMMU=23 IDX=2 LOGSTART=0x00001016 LOGLEN=1 PHYS=0x080d TYPE=1 ACT=1
L1:FMMU=24 IDX=0 LOGSTART=0x000005c0 LOGLEN=64 PHYS=0x0000 TYPE=2 ACT=1
L1:FMMU=24 IDX=1 LOGSTART=0x00000dc0 LOGLEN=64 PHYS=0x0000 TYPE=1 ACT=1
L1:FMMU=24 IDX=2 LOGSTART=0x00001017 LOGLEN=1 PHYS=0x080d TYPE=1 ACT=1
L1:FMMU=25 IDX=0 LOGSTART=0x00000600 LOGLEN=64 PHYS=0x0000 TYPE=2 ACT=1
L1:FMMU=25 IDX=1 LOGSTART=0x00000e00 LOGLEN=64 PHYS=0x0000 TYPE=1 ACT=1
L1:FMMU=25 IDX=2 LOGSTART=0x00001018 LOGLEN=1 PHYS=0x080d TYPE=1 ACT=1
L1:FMMU=26 IDX=0 LOGSTART=0x00000640 LOGLEN=64 PHYS=0x0000 TYPE=2 ACT=1
L1:FMMU=26 IDX=1 LOGSTART=0x00000e40 LOGLEN=64 PHYS=0x0000 TYPE=1 ACT=1
L1:FMMU=26 IDX=2 LOGSTART=0x00001019 LOGLEN=1 PHYS=0x080d TYPE=1 ACT=1
L1:FMMU=27 IDX=0 LOGSTART=0x00000680 LOGLEN=64 PHYS=0x0000 TYPE=2 ACT=1
L1:FMMU=27 IDX=1 LOGSTART=0x00000e80 LOGLEN=64 PHYS=0x0000 TYPE=1 ACT=1
L1:FMMU=27 IDX=2 LOGSTART=0x0000101a LOGLEN=1 PHYS=0x080d TYPE=1 ACT=1
L1:FMMU=28 IDX=0 LOGSTART=0x000006c0 LOGLEN=64 PHYS=0x0000 TYPE=2 ACT=1
L1:FMMU=28 IDX=1 LOGSTART=0x00000ec0 LOGLEN=64 PHYS=0x0000 TYPE=1 ACT=1
L1:FMMU=28 IDX=2 LOGSTART=0x0000101b LOGLEN=1 PHYS=0x080d TYPE=1 ACT=1
L1:FMMU=29 IDX=0 LOGSTART=0x00000700 LOGLEN=64 PHYS=0x0000 TYPE=2 ACT=1
L1:FMMU=29 IDX=1 LOGSTART=0x00000f00 LOGLEN=64 PHYS=0x0000 TYPE=1 ACT=1
L1:FMMU=29 IDX=2 LOGSTART=0x0000101c LOGLEN=1 PHYS=0x080d TYPE=1 ACT=1
L1:FMMU=30 IDX=0 LOGSTART=0x00000740 LOGLEN=64 PHYS=0x0000 TYPE=2 ACT=1
L1:FMMU=30 IDX=1 LOGSTART=0x00000f40 LOGLEN=64 PHYS=0x0000 TYPE=1 ACT=1
L1:FMMU=30 IDX=2 LOGSTART=0x0000101d LOGLEN=1 PHYS=0x080d TYPE=1 ACT=1
L1:FMMU=31 IDX=0 LOGSTART=0x00000780 LOGLEN=64 PHYS=0x0000 TYPE=2 ACT=1
L1:FMMU=31 IDX=1 LOGSTART=0x00000f80 LOGLEN=64 PHYS=0x0000 TYPE=1 ACT=1
L1:FMMU=31 IDX=2 LOGSTART=0x0000101e LOGLEN=1 PHYS=0x080d TYPE=1 ACT=1
L1:FMMU=32 IDX=0 LOGSTART=0x000007c0 LOGLEN=64 PHYS=0x0000 TYPE=2 ACT=1
L1:FMMU=32 IDX=1 LOGSTART=0x00000fc0 LOGLEN=64 PHYS=0x0000 TYPE=1 ACT=1
L1:FMMU=32 IDX=2 LOGSTART=0x0000101f LOGLEN=1 PHYS=0x080d TYPE=1 ACT=1
L1:GROUP OBYTES=2048 IBYTES=2048 NSEGMENTS=3
L1:SEGMENT=0 BYTES=1408
L1:SEGMENT=1 BYTES=1472
L1:SEGMENT=2 BYTES=1248
L1:EXPECTED_WKC=96
L1:PROCESSDATA_WKC=0
L1:STATE=0x01

--- Human-readable summary ---
Slaves: 32, IOmap: 2048 byte out + 2048 byte in, segments: 3
