ecx_init on veth_m succeeded.
L1:SLAVECOUNT=32
L1:SLAVE=1 ADDR=0x1001 MAN=0x00000499 ID=0x00000001 REV=0x00000001
L1:SLAVE=2 ADDR=0x1002 MAN=0x00000499 ID=0x00000001 REV=0x00000001
L1:SLAVE=3 ADDR=0x1003 MAN=0x00000499 ID=0x00000001 REV=0x00000001
L1:SLAVE=4 ADDR=0x1004 MAN=0x00000499 ID=0x00000001 REV=0x00000001
L1:SLAVE=5 ADDR=0x1005 MAN=0x00000499 ID=0x00000001 REV=0x00000001
L1:SLAVE=6 ADDR=0x1006 MAN=0x00000499 ID=0x00000001 REV=0x00000001
L1:SLAVE=7 ADDR=0x1007 MAN=0x00000499 ID=0x00000001 REV=0x00000001
L1:SLAVE=8 ADDR=0x1008 MAN=0x00000499 ID=0x00000001 REV=0x00000001
L1:SLAVE=9 ADDR=0x1009 MAN=0x00000499 ID=0x00000001 REV=0x00000001
L1:SLAVE=10 ADDR=0x100a MAN=0x00000499 ID=0x00000001 REV=0x00000001
L1:SLAVE=11 ADDR=0x100b MAN=0x00000499 ID=0x00000001 REV=0x00000001
L1:SLAVE=12 ADDR=0x100c MAN=0x00000499 ID=0x00000001 REV=0x00000001
L1:SLAVE=13 ADDR=0x100d MAN=0x00000499 ID=0x00000001 REV=0x00000001
L1:SLAVE=14 ADDR=0x100e MAN=0x00000499 ID=0x00000001 REV=0x00000001
L1:SLAVE=15 ADDR=0x100f MAN=0x00000499 ID=0x00000001 REV=0x00000001
L1:SLAVE=16 ADDR=0x1010 MAN=0x00000499 ID=0x00000001 REV=0x00000001
L1:SLAVE=17 ADDR=0x1011 MAN=0x00000499 ID=0x00000001 REV=0x00000001
L1:SLAVE=18 ADDR=0x1012 MAN=0x00000499 ID=0x00000001 REV=0x00000001
L1:SLAVE=19 ADDR=0x1013 MAN=0x00000499 ID=0x00000001 REV=0x00000001
L1:SLAVE=20 ADDR=0x1014 MAN=0x00000499 ID=0x00000001 REV=0x00000001
L1:SLAVE=21 ADDR=0x1015 MAN=0x00000499 ID=0x00000001 REV=0x00000001
L1:SLAVE=22 ADDR=0x1016 MAN=0x00000499 ID=0x00000001 REV=0x00000001
L1:SLAVE=23 ADDR=0x1017 MAN=0x00000499 ID=0x00000001 REV=0x00000001
L1:SLAVE=24 ADDR=0x1018 MAN=0x00000499 ID=0x00000001 REV=0x00000001
L1:SLAVE=25 ADDR=0x1019 MAN=0x00000499 ID=0x00000001 REV=0x00000001
L1:SLAVE=26 ADDR=0x101a MAN=0x00000499 ID=0x00000001 REV=0x00000001
L1:SLAVE=27 ADDR=0x101b MAN=0x00000499 ID=0x00000001 REV=0x00000001
L1:SLAVE=28 ADDR=0x101c MAN=0x00000499 ID=0x00000001 REV=0x00000001
L1:SLAVE=29 ADDR=0x101d MAN=0x00000499 ID=0x00000001 REV=0x00000001
L1:SLAVE=30 ADDR=0x101e MAN=0x00000499 ID=0x00000001 REV=0x00000001
L1:SLAVE=31 ADDR=0x101f MAN=0x00000499 ID=0x00000001 REV=0x00000001
L1:SLAVE=32 ADDR=0x1020 MAN=0x00000499 ID=0x00000001 REV=0x00000001
L1:IOMAP=1 OUT_OFF=0 OUT_BITS=32 IN_OFF=128 IN_BITS=32
L1:IOMAP=2 OUT_OFF=4 OUT_BITS=32 IN_OFF=132 IN_BITS=32
L1:IOMAP=3 OUT_OFF=8 OUT_BITS=32 IN_OFF=136 IN_BITS=32
L1:IOMAP=4 OUT_OFF=12 OUT_BITS=32 IN_OFF=140 IN_BITS=32
L1:IOMAP=5 OUT_OFF=16 OUT_BITS=32 IN_OFF=144 IN_BITS=32
L1:IOMAP=6 OUT_OFF=20 OUT_BITS=32 IN_OFF=148 IN_BITS=32
L1:IOMAP=7 OUT_OFF=24 OUT_BITS=32 IN_OFF=152 IN_BITS=32
L1:IOMAP=8 OUT_OFF=28 OUT_BITS=32 IN_OFF=156 IN_BITS=32
L1:IOMAP=9 OUT_OFF=32 OUT_BITS=32 IN_OFF=160 IN_BITS=32
L1:IOMAP=10 OUT_OFF=36 OUT_BITS=32 IN_OFF=164 IN_BITS=32
L1:IOMAP=11 OUT_OFF=40 OUT_BITS=32 IN_OFF=168 IN_BITS=32
L1:IOMAP=12 OUT_OFF=44 OUT_BITS=32 IN_OFF=172 IN_BITS=32
L1:IOMAP=13 OUT_OFF=48 OUT_BITS=32 IN_OFF=176 IN_BITS=32
L1:IOMAP=14 OUT_OFF=52 OUT_BITS=32 IN_OFF=180 IN_BITS=32
L1:IOMAP=15 OUT_OFF=56 OUT_BITS=32 IN_OFF=184 IN_BITS=32
L1:IOMAP=16 OUT_OFF=60 OUT_BITS=32 IN_OFF=188 IN_BITS=32
L1:IOMAP=17 OUT_OFF=64 OUT_BITS=32 IN_OFF=192 IN_BITS=32
L1:IOMAP=18 OUT_OFF=68 OUT_BITS=32 IN_OFF=196 IN_BITS=32
L1:IOMAP=19 OUT_OFF=72 OUT_BITS=32 IN_OFF=200 IN_BITS=32
L1:IOMAP=20 OUT_OFF=76 OUT_BITS=32 IN_OFF=204 IN_BITS=32
L1:IOMAP=21 OUT_OFF=80 OUT_BITS=32 IN_OFF=208 IN_BITS=32
L1:IOMAP=22 OUT_OFF=84 OUT_BITS=32 IN_OFF=212 IN_BITS=32
L1:IOMAP=23 OUT_OFF=88 OUT_BITS=32 IN_OFF=216 IN_BITS=32
L1:IOMAP=24 OUT_OFF=92 OUT_BITS=32 IN_OFF=220 IN_BITS=32
L1:IOMAP=25 OUT_OFF=96 OUT_BITS=32 IN_OFF=224 IN_BITS=32
L1:IOMAP=26 OUT_OFF=100 OUT_BITS=32 IN_OFF=228 IN_BITS=32
L1:IOMAP=27 OUT_OFF=104 OUT_BITS=32 IN_OFF=232 IN_BITS=32
L1:IOMAP=28 OUT_OFF=108 OUT_BITS=32 IN_OFF=236 IN_BITS=32
L1:IOMAP=29 OUT_OFF=112 OUT_BITS=32 IN_OFF=240 IN_BITS=32
L1:IOMAP=30 OUT_OFF=116 OUT_BITS=32 IN_OFF=244 IN_BITS=32
L1:IOMAP=31 OUT_OFF=120 OUT_BITS=32 IN_OFF=248 IN_BITS=32
L1:IOMAP=32 OUT_OFF=124 OUT_BITS=32 IN_OFF=252 IN_BITS=32
L1:FMMU=1 IDX=0 LOGSTART=0x00000000 LOGLEN=4 PHYS=0x0000 TYPE=2 ACT=1
L1:FMMU=1 IDX=1 LOGSTART=0x00000080 LOGLEN=4 PHYS=0x0000 TYPE=1 ACT=1
L1:FMMU=1 IDX=2 LOGSTART=0x00000100 LOGLEN=1 PHYS=0x080d TYPE=1 ACT=1
L1:FMMU=2 IDX=0 LOGSTART=0x00000004 LOGLEN=4 PHYS=0x0000 TYPE=2 ACT=1
L1:FMMU=2 IDX=1 LOGSTART=0x00000084 LOGLEN=4 PHYS=0x0000 TYPE=1 ACT=1
L1:FMMU=2 IDX=2 LOGSTART=0x00000101 LOGLEN=1 PHYS=0x080d TYPE=1 ACT=1
L1:FMMU=3 IDX=0 LOGSTART=0x00000008 LOGLEN=4 PHYS=0x0000 TYPE=2 ACT=1
L1:FMMU=3 IDX=1 LOGSTART=0x00000088 LOGLEN=4 PHYS=0x0000 TYPE=1 ACT=1
L1:FMMU=3 IDX=2 LOGSTART=0x00000102 LOGLEN=1 PHYS=0x080d TYPE=1 ACT=1
L1:FMMU=4 IDX=0 LOGSTART=0x0000000c LOGLEN=4 PHYS=0x0000 TYPE=2 ACT=1
L1:FMMU=4 IDX=1 LOGSTART=0x0000008c LOGLEN=4 PHYS=0x0000 TYPE=1 ACT=1
L1:FMMU=4 IDX=2 LOGSTART=0x00000103 LOGLEN=1 PHYS=0x080d TYPE=1 ACT=1
L1:FMMU=5 IDX=0 LOGSTART=0x00000010 LOGLEN=4 PHYS=0x0000 TYPE=2 ACT=1
L1:FMMU=5 IDX=1 LOGSTART=0x00000090 LOGLEN=4 PHYS=0x0000 TYPE=1 ACT=1
L1:FMMU=5 IDX=2 LOGSTART=0x00000104 LOGLEN=1 PHYS=0x080d TYPE=1 ACT=1
L1:FMMU=6 IDX=0 LOGSTART=0x00000014 LOGLEN=4 PHYS=0x0000 TYPE=2 ACT=1
L1:FMMU=6 IDX=1 LOGSTART=0x00000094 LOGLEN=4 PHYS=0x0000 TYPE=1 ACT=1
L1:FMMU=6 IDX=2 LOGSTART=0x00000105 LOGLEN=1 PHYS=0x080d TYPE=1 ACT=1
L1:FMMU=7 IDX=0 LOGSTART=0x00000018 LOGLEN=4 PHYS=0x0000 TYPE=2 ACT=1
L1:FMMU=7 IDX=1 LOGSTART=0x00000098 LOGLEN=4 PHYS=0x0000 TYPE=1 ACT=1
L1:FMMU=7 IDX=2 LOGSTART=0x00000106 LOGLEN=1 PHYS=0x080d TYPE=1 ACT=1
L1:FMMU=8 IDX=0 LOGSTART=0x0000001c LOGLEN=4 PHYS=0x0000 TYPE=2 ACT=1
L1:FMMU=8 IDX=1 LOGSTART=0x0000009c LOGLEN=4 PHYS=0x0000 TYPE=1 ACT=1
L1:FMMU=8 IDX=2 LOGSTART=0x00000107 LOGLEN=1 PHYS=0x080d TYPE=1 ACT=1
L1:FMMU=9 IDX=0 LOGSTART=0x00000020 LOGLEN=4 PHYS=0x0000 TYPE=2 ACT=1
L1:FMMU=9 IDX=1 LOGSTART=0x000000a0 LOGLEN=4 PHYS=0x0000 TYPE=1 ACT=1
L1:FMMU=9 IDX=2 LOGSTART=0x00000108 LOGLEN=1 PHYS=0x080d TYPE=1 ACT=1
L1:FMMU=10 IDX=0 LOGSTART=0x00000024 LOGLEN=4 PHYS=0x0000 TYPE=2 ACT=1
L1:FMMU=10 IDX=1 LOGSTART=0x000000a4 LOGLEN=4 PHYS=0x0000 TYPE=1 ACT=1
L1:FMMU=10 IDX=2 LOGSTART=0x00000109 LOGLEN=1 PHYS=0x080d TYPE=1 ACT=1
L1:FMMU=11 IDX=0 LOGSTART=0x00000028 LOGLEN=4 PHYS=0x0000 TYPE=2 ACT=1
L1:FMMU=11 IDX=1 LOGSTART=0x000000a8 LOGLEN=4 PHYS=0x0000 TYPE=1 ACT=1
L1:FMMU=11 IDX=2 LOGSTART=0x0000010a LOGLEN=1 PHYS=0x080d TYPE=1 ACT=1
L1:FMMU=12 IDX=0 LOGSTART=0x0000002c LOGLEN=4 PHYS=0x0000 TYPE=2 ACT=1
L1:FMMU=12 IDX=1 LOGSTART=0x000000ac LOGLEN=4 PHYS=0x0000 TYPE=1 ACT=1
L1:FMMU=12 IDX=2 LOGSTART=0x0000010b LOGLEN=1 PHYS=0x080d TYPE=1 ACT=1
L1:FMMU=13 IDX=0 LOGSTART=0x00000030 LOGLEN=4 PHYS=0x0000 TYPE=2 ACT=1
L1:FMMU=13 IDX=1 LOGSTART=0x000000b0 LOGLEN=4 PHYS=0x0000 TYPE=1 ACT=1
L1:FMMU=13 IDX=2 LOGSTART=0x0000010c LOGLEN=1 PHYS=0x080d TYPE=1 ACT=1
L1:FMMU=14 IDX=0 LOGSTART=0x00000034 LOGLEN=4 PHYS=0x0000 TYPE=2 ACT=1
L1:FMMU=14 IDX=1 LOGSTART=0x000000b4 LOGLEN=4 PHYS=0x0000 TYPE=1 ACT=1
L1:FMMU=14 IDX=2 LOGSTART=0x0000010d LOGLEN=1 PHYS=0x080d TYPE=1 ACT=1
L1:FMMU=15 IDX=0 LOGSTART=0x00000038 LOGLEN=4 PHYS=0x0000 TYPE=2 ACT=1
L1:FMMU=15 IDX=1 LOGSTART=0x000000b8 LOGLEN=4 PHYS=0x0000 TYPE=1 ACT=1
L1:FMMU=15 IDX=2 LOGSTART=0x0000010e LOGLEN=1 PHYS=0x080d TYPE=1 ACT=1
L1:FMMU=16 IDX=0 LOGSTART=0x0000003c LOGLEN=4 PHYS=0x0000 TYPE=2 ACT=1
L1:FMMU=16 IDX=1 LOGSTART=0x000000bc LOGLEN=4 PHYS=0x0000 TYPE=1 ACT=1
L1:FMMU=16 IDX=2 LOGSTART=0x0000010f LOGLEN=1 PHYS=0x080d TYPE=1 ACT=1
L1:FMMU=17 IDX=0 LOGSTART=0x00000040 LOGLEN=4 PHYS=0x0000 TYPE=2 ACT=1
L1:FMMU=17 IDX=1 LOGSTART=0x000000c0 LOGLEN=4 PHYS=0x0000 TYPE=1 ACT=1
L1:FMMU=17 IDX=2 LOGSTART=0x00000110 LOGLEN=1 PHYS=0x080d TYPE=1 ACT=1
L1:FMMU=18 IDX=0 LOGSTART=0x00000044 LOGLEN=4 PHYS=0x0000 TYPE=2 ACT=1
L1:FMMU=18 IDX=1 LOGSTART=0x000000c4 LOGLEN=4 PHYS=0x0000 TYPE=1 ACT=1
L1:FMMU=18 IDX=2 LOGSTART=0x00000111 LOGLEN=1 PHYS=0x080d TYPE=1 ACT=1
L1:FMMU=19 IDX=0 LOGSTART=0x00000048 LOGLEN=4 PHYS=0x0000 TYPE=2 ACT=1
L1:FMMU=19 IDX=1 LOGSTART=0x000000c8 LOGLEN=4 PHYS=0x0000 TYPE=1 ACT=1
L1:FMMU=19 IDX=2 LOGSTART=0x00000112 LOGLEN=1 PHYS=0x080d TYPE=1 ACT=1
L1:FMMU=20 IDX=0 LOGSTART=0x0000004c LOGLEN=4 PHYS=0x0000 TYPE=2 ACT=1
L1:FMMU=20 IDX=1 LOGSTART=0x000000cc LOGLEN=4 PHYS=0x0000 TYPE=1 ACT=1
L1:FMMU=20 IDX=2 LOGSTART=0x00000113 LOGLEN=1 PHYS=0x080d TYPE=1 ACT=1
L1:FMMU=21 IDX=0 LOGSTART=0x00000050 LOGLEN=4 PHYS=0x0000 TYPE=2 ACT=1
L1:FMMU=21 IDX=1 LOGSTART=0x000000d0 LOGLEN=4 PHYS=0x0000 TYPE=1 ACT=1
L1:FMMU=21 IDX=2 LOGSTART=0x00000114 LOGLEN=1 PHYS=0x080d TYPE=1 ACT=1
L1:FMMU=22 IDX=0 LOGSTART=0x00000054 LOGLEN=4 PHYS=0x0000 TYPE=2 ACT=1
L1:FMMU=22 IDX=1 LOGSTART=0x000000d4 LOGLEN=4 PHYS=0x0000 TYPE=1 ACT=1
L1:FMMU=22 IDX=2 LOGSTART=0x00000115 LOGLEN=1 PHYS=0x080d TYPE=1 ACT=1
L1:FMMU=23 IDX=0 LOGSTART=0x00000058 LOGLEN=4 PHYS=0x0000 TYPE=2 ACT=1
L1:FMMU=23 IDX=1 LOGSTART=0x000000d8 LOGLEN=4 PHYS=0x0000 TYPE=1 ACT=1
L1:FMMU=23 IDX=2 LOGSTART=0x00000116 LOGLEN=1 PHYS=0x080d TYPE=1 ACT=1
L1:FMMU=24 IDX=0 LOGSTART=0x0000005c LOGLEN=4 PHYS=0x0000 TYPE=2 ACT=1
L1:FMMU=24 IDX=1 LOGSTART=0x000000dc LOGLEN=4 PHYS=0x0000 TYPE=1 ACT=1
L1:FMMU=24 IDX=2 LOGSTART=0x00000117 LOGLEN=1 PHYS=0x080d TYPE=1 ACT=1
L1:FMMU=25 IDX=0 LOGSTART=0x00000060 LOGLEN=4 PHYS=0x0000 TYPE=2 ACT=1
L1:FMMU=25 IDX=1 LOGSTART=0x000000e0 LOGLEN=4 PHYS=0x0000 TYPE=1 ACT=1
L1:FMMU=25 IDX=2 LOGSTART=0x00000118 LOGLEN=1 PHYS=0x080d TYPE=1 ACT=1
L1:FMMU=26 IDX=0 LOGSTART=0x00000064 LOGLEN=4 PHYS=0x0000 TYPE=2 ACT=1
L1:FMMU=26 IDX=1 LOGSTART=0x000000e4 LOGLEN=4 PHYS=0x0000 TYPE=1 ACT=1
L1:FMMU=26 IDX=2 LOGSTART=0x00000119 LOGLEN=1 PHYS=0x080d TYPE=1 ACT=1
L1:FMMU=27 IDX=0 LOGSTART=0x00000068 LOGLEN=4 PHYS=0x0000 TYPE=2 ACT=1
L1:FMMU=27 IDX=1 LOGSTART=0x000000e8 LOGLEN=4 PHYS=0x0000 TYPE=1 ACT=1
L1:FMMU=27 IDX=2 LOGSTART=0x0000011a LOGLEN=1 PHYS=0x080d TYPE=1 ACT=1
L1:FMMU=28 IDX=0 LOGSTART=0x0000006c LOGLEN=4 PHYS=0x0000 TYPE=2 ACT=1
L1:FMMU=28 IDX=1 LOGSTART=0x000000ec LOGLEN=4 PHYS=0x0000 TYPE=1 ACT=1
L1:FMMU=28 IDX=2 LOGSTART=0x0000011b LOGLEN=1 PHYS=0x080d TYPE=1 ACT=1
L1:FMMU=29 IDX=0 LOGSTART=0x00000070 LOGLEN=4 PHYS=0x0000 TYPE=2 ACT=1
L1:FMMU=29 IDX=1 LOGSTART=0x000000f0 LOGLEN=4 PHYS=0x0000 TYPE=1 ACT=1
L1:FMMU=29 IDX=2 LOGSTART=0x0000011c LOGLEN=1 PHYS=0x080d TYPE=1 ACT=1
L1:FMMU=30 IDX=0 LOGSTART=0x00000074 LOGLEN=4 PHYS=0x0000 TYPE=2 ACT=1
L1:FMMU=30 IDX=1 LOGSTART=0x000000f4 LOGLEN=4 PHYS=0x0000 TYPE=1 ACT=1
L1:FMMU=30 IDX=2 LOGSTART=0x0000011d LOGLEN=1 PHYS=0x080d TYPE=1 ACT=1
L1:FMMU=31 IDX=0 LOGSTART=0x00000078 LOGLEN=4 PHYS=0x0000 TYPE=2 ACT=1
L1:FMMU=31 IDX=1 LOGSTART=0x000000f8 LOGLEN=4 PHYS=0x0000 TYPE=1 ACT=1
L1:FMMU=31 IDX=2 LOGSTART=0x0000011e LOGLEN=1 PHYS=0x080d TYPE=1 ACT=1
L1:FMMU=32 IDX=0 LOGSTART=0x0000007c LOGLEN=4 PHYS=0x0000 TYPE=2 ACT=1
L1:FMMU=32 IDX=1 LOGSTART=0x000000fc LOGLEN=4 PHYS=0x0000 TYPE=1 ACT=1
L1:FMMU=32 IDX=2 LOGSTART=0x0000011f LOGLEN=1 PHYS=0x080d TYPE=1 ACT=1
L1:GROUP OBYTES=128 IBYTES=128 NSEGMENTS=1
L1:SEGMENT=0 BYTES=288
L1:EXPECTED_WKC=96
L1:PROCESSDATA_WKC=0
L1:STATE=0x01

--- Human-readable summary ---
Slaves: 32, IOmap: 128 byte out + 128 byte in, segments: 1
